// Jest Snapshot v1, https://goo.gl/fbAQLP

exports[`'sources' option should handle the "webpack-include" tags: errors 1`] = `Array []`;

exports[`'sources' option should handle the "webpack-include" tags: module 1`] = `
"// Imports
import ___HTML_LOADER_GET_SOURCE_FROM_IMPORT___ from \\"../../src/runtime/getUrl.js\\";
import ___HTML_LOADER_IMPORT_0___ from \\"./webpack-import-header.html\\";
import ___HTML_LOADER_IMPORT_1___ from \\"./webpack-import-footer.html\\";
import ___HTML_LOADER_IMPORT_2___ from \\"./webpack-import-content.html\\";
var ___HTML_LOADER_IMPORT_3___ = new URL(\\"./image.png\\", import.meta.url);
// Module
var ___HTML_LOADER_REPLACEMENT_0___ = ___HTML_LOADER_GET_SOURCE_FROM_IMPORT___(___HTML_LOADER_IMPORT_0___);
var ___HTML_LOADER_REPLACEMENT_1___ = ___HTML_LOADER_GET_SOURCE_FROM_IMPORT___(___HTML_LOADER_IMPORT_1___);
var ___HTML_LOADER_REPLACEMENT_2___ = ___HTML_LOADER_GET_SOURCE_FROM_IMPORT___(___HTML_LOADER_IMPORT_2___);
var ___HTML_LOADER_REPLACEMENT_3___ = ___HTML_LOADER_GET_SOURCE_FROM_IMPORT___(___HTML_LOADER_IMPORT_3___);
var code = \\"<div>\\\\n  <article>\\\\n    BeforeHeaderText\\" + ___HTML_LOADER_REPLACEMENT_0___ + \\"AfterHeaderText\\\\n    <ol>\\\\n      <li>Grow a long, majestic beard.</li>\\\\n      <li>Wear a tall, pointed hat.</li>\\\\n      <li>Have I mentioned the beard?</li>\\\\n    </ol>\\\\n    BeforeFooterText\\" + ___HTML_LOADER_REPLACEMENT_1___ + \\"AfterFooterText\\\\n    TextBeforeOpenDiv<div>TextAfterOpenDiv\\" + ___HTML_LOADER_REPLACEMENT_2___ + \\"TextBeforeCloseDiv</div>TextAfterCloseDiv\\\\n  </article>\\\\n</div>\\\\n\\\\n<div>\\\\n  <img src=\\\\\\"\\" + ___HTML_LOADER_REPLACEMENT_3___ + \\"\\\\\\" alt=\\\\\\"test\\\\\\">\\\\n</div>\\\\n\\\\n<div>\\\\n  \\" + ___HTML_LOADER_REPLACEMENT_2___ + \\"\\\\n  \\" + ___HTML_LOADER_REPLACEMENT_2___ + \\"\\\\n</div>\\\\n\\\\n<!-- Future improvements -->\\\\n<!--\\\\nBEFORE\\\\n<webpack-import src=\\\\\\"./include-content.html\\\\\\">\\\\n  <header partial=\\\\\\"header\\\\\\">Header</header>\\\\n  <div partial=\\\\\\"content\\\\\\">Header</div>\\\\n  <footer partial=\\\\\\"footer\\\\\\">Footer</footer>\\\\n</webpack-import>\\\\nAFTER\\\\n\\\\n<div>TEXT</div>\\\\n<div>\\\\n  <webpack-import   src=\\\\\\"./include-content.html\\\\\\"   ></webpack-import   >\\\\n</div>\\\\n<div>TEXT</div>\\\\n-->\\\\n\\";
// Exports
export default code;"
`;

exports[`'sources' option should handle the "webpack-include" tags: result 1`] = `
"<div>
  <article>
    BeforeHeaderText<header>
  <h1>How to be a wizard</h1>
</header>AfterHeaderText
    <ol>
      <li>Grow a long, majestic beard.</li>
      <li>Wear a tall, pointed hat.</li>
      <li>Have I mentioned the beard?</li>
    </ol>
    BeforeFooterText<footer>
  <p>Â© 2018 Gandalf</p>
</footer>AfterFooterText
    TextBeforeOpenDiv<div>TextAfterOpenDiv<span>Text</span>TextBeforeCloseDiv</div>TextAfterCloseDiv
  </article>
</div>

<div>
  <img src=\\"replaced_file_protocol_/webpack/public/path/image.png\\" alt=\\"test\\">
</div>

<div>
  <span>Text</span>
  <span>Text</span>
</div>

<!-- Future improvements -->
<!--
BEFORE
<webpack-import src=\\"./include-content.html\\">
  <header partial=\\"header\\">Header</header>
  <div partial=\\"content\\">Header</div>
  <footer partial=\\"footer\\">Footer</footer>
</webpack-import>
AFTER

<div>TEXT</div>
<div>
  <webpack-import   src=\\"./include-content.html\\"   ></webpack-import   >
</div>
<div>TEXT</div>
-->
"
`;

exports[`'sources' option should handle the "webpack-include" tags: warnings 1`] = `Array []`;
